---
source: speckle-syntax/src/file_patcher.rs
expression: "patch(\"#[speckle]\\ntrait Foo {\\n    #[speckle]\\n    fn bar(&self);\\n}\",\n&[EXAMPLE_ID, OTHER_ID])"
---
#[speckle("cb4cb14c-8e40-495a-b17f-6227b622f4a8")]
trait Foo {
    #[speckle("aaaaaaaa-bbbb-cccc-dddd-eeeeeeeeeeee")]
    fn bar(&self);
}
